Summary

Total:            100% - Perfect
Accuracy:
Average: 0 (Exact)
Worst:   0 (Exact)
Best:    0 (Exact)
Last 5:  0 (Exact)

Key       Total     Early     Perfect   Late      
Perfect:  16 (100%) 0 (0%)    16 (100%) 0 (0%)    
Great:    0 (0%)    0 (0%)    0 (0%)    0 (0%)    
Good:     0 (0%)    0 (0%)    0 (0%)    0 (0%)    
Off:      0 (0%)    0 (0%)    0 (0%)    0 (0%)    
Bad:      0 (0%)    0 (0%)    0 (0%)    0 (0%)    

Details

Bar        PPQ        Position   Accuracy               Int. PPQ   Intended   Score      Judgement  Data                 
         0          0 1.1.1      0 (Exact)                       0 1.1.1               1 Perfect    C3 Velocity 100      
         0          1 1.2.1      0 (Exact)                       1 1.2.1               1 Perfect    E3 Velocity 100      
         0          2 1.3.1      0 (Exact)                       2 1.3.1               1 Perfect    G3 Velocity 100      
         0          3 1.4.1      0 (Exact)                       3 1.4.1               1 Perfect    E3 Velocity 100      
         0          4 2.1.1      0 (Exact)                       4 2.1.1               1 Perfect    C3 Velocity 100      
         4        4.5 2.1.3      0 (Exact)                     4.5 2.1.3               1 Perfect    E3 Velocity 100      
         4          5 2.2.1      0 (Exact)                       5 2.2.1               1 Perfect    G3 Velocity 100      
         4        5.5 2.2.3      0 (Exact)                     5.5 2.2.3               1 Perfect    E3 Velocity 100      
         4          6 2.3.1      0 (Exact)                       6 2.3.1               1 Perfect    C3 Velocity 100      
         4       6.25 2.3.2      0 (Exact)                    6.25 2.3.2               1 Perfect    E3 Velocity 100      
         4        6.5 2.3.3      0 (Exact)                     6.5 2.3.3               1 Perfect    G3 Velocity 100      
         4       6.75 2.3.4      0 (Exact)                    6.75 2.3.4               1 Perfect    E3 Velocity 100      
         4          7 2.4.1      0 (Exact)                       7 2.4.1               1 Perfect    C3 Velocity 100      
         4      7.125 2.4.2      0 (Exact)                   7.125 2.4.2               1 Perfect    E3 Velocity 100      
         4       7.25 2.4.2      0 (Exact)                    7.25 2.4.2               1 Perfect    G3 Velocity 100      
         4      7.375 2.4.3      0 (Exact)                   7.375 2.4.3               1 Perfect    E3 Velocity 100      


