Summary

Total:           76% - Good
Average MS diff: 4 (Exact)
Max MS diff:     -45 (Too early)
Min MS diff:     1 (Exact)

Key       Total     Early     Perfect   Late      
Perfect:  3 (23%)   0 (0%)    3 (100%)  0 (0%)    
Great:    4 (31%)   0 (0%)    1 (25%)   3 (75%)   
Good:     5 (38%)   2 (40%)   0 (0%)    3 (60%)   
Off:      1 (8%)    1 (100%)  0 (0%)    0 (0%)    
Bad:      0 (0%)    0 (0%)    0 (0%)    0 (0%)    

Details

Bar        PPQ        Position   Accuracy               Int. PPQ   Intended   Score      Judgement  Data                 
         0       0.16 1.1.2      -45 (Too early)              0.25 1.1.2            0.25 Off        C4 Velocity 127      
         0      1.022 1.2.1      11 (Slightly late)              1 1.2.1             0.9 Great      E4 Velocity 127      
         0      2.014 1.3.1      7 (Exact)                       2 1.3.1               1 Perfect    G4 Velocity 127      
         0      2.958 1.4.1      -21 (Early)                     3 1.4.1             0.6 Good       E4 Velocity 127      
         4      4.038 2.1.1      19 (Slightly late)              4 2.1.1             0.9 Great      C4 Velocity 127      
         4      4.447 2.1.3      -26 (Early)                   4.5 2.1.3             0.6 Good       E4 Velocity 127      
         4      5.068 2.2.1      34 (Late)                       5 2.2.1             0.6 Good       G4 Velocity 127      
         4       5.48 2.2.3      -10 (Exact)                   5.5 2.2.3             0.9 Great      E4 Velocity 127      
         4      6.014 2.3.1      7 (Exact)                       6 2.3.1               1 Perfect    C4 Velocity 127      
         4      6.283 2.3.2      17 (Slightly late)           6.25 2.3.2             0.9 Great      E4 Velocity 127      
         4       6.56 2.3.3      30 (Late)                     6.5 2.3.3             0.6 Good       G4 Velocity 127      
         4      6.827 2.3.4      38 (Late)                    6.75 2.3.4             0.6 Good       E4 Velocity 127      
         4      7.001 2.4.1      1 (Exact)                       7 2.4.1               1 Perfect    C4 Velocity 127      


