Bar        Position   Intended   Diff       Data                 Score      Judgement  
         0       0.16       0.25        -45 C4 Velocity 127               0 Audible    
         0      1.022          1         11 E4 Velocity 127            0.75 Good       
         0      2.014          2          7 G4 Velocity 127               1 Perfect    
         0      2.958          3        -21 E4 Velocity 127             0.5 Off        
         4      4.038          4         19 C4 Velocity 127            0.75 Good       
         4      4.447        4.5        -26 E4 Velocity 127             0.5 Off        
         4      5.068          5         34 G4 Velocity 127            0.25 Bad        
         4       5.48        5.5        -10 E4 Velocity 127            0.75 Good       
         4      6.014          6          7 C4 Velocity 127               1 Perfect    
         4      6.283       6.25         17 E4 Velocity 127            0.75 Good       
         4       6.56        6.5         30 G4 Velocity 127            0.25 Bad        
         4      6.827       6.75         38 E4 Velocity 127            0.25 Bad        
         4      7.001          7          1 C4 Velocity 127               1 Perfect    

