Bar        Position   Intended   Diff       Data       
         0          0          0          0 C3 Velocity 100 
         0          1          1          0 E3 Velocity 100 
         0          2          2          0 G3 Velocity 100 
         0          3          3          0 E3 Velocity 100 
         0          4          4          0 C3 Velocity 100 
         4        4.5        4.5          0 E3 Velocity 100 
         4          5          5          0 G3 Velocity 100 
         4        5.5        5.5          0 E3 Velocity 100 
         4          6          6          0 C3 Velocity 100 
         4       6.25       6.25          0 E3 Velocity 100 
         4        6.5        6.5          0 G3 Velocity 100 
         4       6.75       6.75          0 E3 Velocity 100 
         4          7          7          0 C3 Velocity 100 
         4      7.125      7.125          0 E3 Velocity 100 
         4       7.25       7.25          0 G3 Velocity 100 
         4      7.375      7.375          0 E3 Velocity 100 

